#
# There is insufficient memory for the Java Runtime Environment to continue.
# Native memory allocation (malloc) failed to allocate 1048576 bytes. Error detail: AllocateHeap
# Possible reasons:
#   The system is out of physical RAM or swap space
#   This process is running with CompressedOops enabled, and the Java Heap may be blocking the growth of the native heap
# Possible solutions:
#   Reduce memory load on the system
#   Increase physical memory or swap space
#   Check if swap backing store is full
#   Decrease Java heap size (-Xmx/-Xms)
#   Decrease number of Java threads
#   Decrease Java thread stack sizes (-Xss)
#   Set larger code cache with -XX:ReservedCodeCacheSize=
#   JVM is running with Zero Based Compressed Oops mode in which the Java heap is
#     placed in the first 32GB address space. The Java Heap base address is the
#     maximum limit for the native heap growth. Please use -XX:HeapBaseMinAddress
#     to set the Java Heap base and to place the Java Heap above 32GB virtual address.
# This output file may be truncated or incomplete.
#
#  Out of Memory Error (allocation.cpp:44), pid=9840, tid=15992
#
# JRE version: OpenJDK Runtime Environment Temurin-21.0.12.1+1 (21.0.12.1+1) (build 21.0.12.1+1-LTS)
# Java VM: OpenJDK 64-Bit Server VM Temurin-21.0.12.1+1 (21.0.12.1+1-LTS, mixed mode, sharing, tiered, compressed oops, compressed class ptrs, parallel gc, windows-amd64)
# No core dump will be written. Minidumps are not enabled by default on client versions of Windows
#

---------------  S U M M A R Y ------------

Command Line: --add-modules=ALL-SYSTEM --add-opens=java.base/java.util=ALL-UNNAMED --add-opens=java.base/java.lang=ALL-UNNAMED --add-opens=java.base/sun.nio.fs=ALL-UNNAMED -Declipse.application=org.eclipse.jdt.ls.core.id1 -Dosgi.bundles.defaultStartLevel=4 -Declipse.product=org.eclipse.jdt.ls.core.product -Djava.import.generatesMetadataFilesAtProjectRoot=false -Dm2e.project.cache.size=50 -DDetectVMInstallationsJob.disabled=true -Dfile.encoding=utf8 -XX:+UseParallelGC -XX:GCTimeRatio=4 -XX:AdaptiveSizePolicyWeight=90 -Dsun.zip.disableMemoryMapping=true -Xmx4G -Xms100m -Xlog:disable -javaagent:c:\Users\Dell\.vscode\extensions\redhat.java-1.56.0-win32-x64\lombok\lombok-1.18.39-4050.jar -XX:+HeapDumpOnOutOfMemoryError -XX:HeapDumpPath=c:\Users\Dell\AppData\Roaming\Code\User\workspaceStorage\05e450d4fd83629cccf28f385289e092\redhat.java -Daether.dependencyCollector.impl=bf c:\Users\Dell\.vscode\extensions\redhat.java-1.56.0-win32-x64\server\plugins\org.eclipse.equinox.launcher_1.8.0.v20260804-1928.jar -configuration c:\Users\Dell\AppData\Roaming\Code\User\globalStorage\redhat.java\1.56.0\config_win -data c:\Users\Dell\AppData\Roaming\Code\User\workspaceStorage\05e450d4fd83629cccf28f385289e092\redhat.java\jdt_ws --stdio

Host: Intel(R) Core(TM) i3-3220 CPU @ 3.30GHz, 4 cores, 7G,  Windows 10 , 64 bit Build 19041 (10.0.19041.5915)
Time: Wed Sep  9 00:20:15 2026 Hora estándar Montañas (México) elapsed time: 4194.817499 seconds (0d 1h 9m 54s)

---------------  T H R E A D  ---------------

Current thread (0x000002bb0f13b0d0):  JavaThread "Attach Listener" daemon [_thread_in_vm, id=15992, stack(0x000000ecc4000000,0x000000ecc4100000) (1024K)]

Stack: [0x000000ecc4000000,0x000000ecc4100000]
Native frames: (J=compiled Java code, j=interpreted, Vv=VM code, C=native code)
V  [jvm.dll+0x6d83e9]
V  [jvm.dll+0x8b5736]
V  [jvm.dll+0x8b7cee]
V  [jvm.dll+0x8b83d3]
V  [jvm.dll+0x284596]
V  [jvm.dll+0xc13c7]
V  [jvm.dll+0x6d8c99]
V  [jvm.dll+0x133616]
V  [jvm.dll+0x3f8aae]
V  [jvm.dll+0x8600cd]
V  [jvm.dll+0x6d6c1d]
C  [ucrtbase.dll+0x21bb2]
C  [KERNEL32.DLL+0x17374]
C  [ntdll.dll+0x4cc91]


---------------  P R O C E S S  ---------------

Threads class SMR info:
_java_thread_list=0x000002bb169156e0, length=26, elements={
0x000002bab2c6a060, 0x000002bb0f136d10, 0x000002bb0f137e80, 0x000002bb0f13a1b0,
0x000002bb0f13b0d0, 0x000002bb0f143a00, 0x000002bb0f149f40, 0x000002bb0f14bc50,
0x000002bb0f14e570, 0x000002bb14126cd0, 0x000002bb14275360, 0x000002bb14c2eb10,
0x000002bb14c70810, 0x000002bb14bb6500, 0x000002bb14b671f0, 0x000002bb14aa1d10,
0x000002bb143e27a0, 0x000002bb1456a420, 0x000002bb14056420, 0x000002bb14055d90,
0x000002bb140577d0, 0x000002bb14055700, 0x000002bb16b7f2e0, 0x000002bb16b79070,
0x000002bb16b7aab0, 0x000002bb16b80000
}

Java Threads: ( => current thread )
  0x000002bab2c6a060 JavaThread "main"                              [_thread_blocked, id=13256, stack(0x000000ecc3900000,0x000000ecc3a00000) (1024K)]
  0x000002bb0f136d10 JavaThread "Reference Handler"          daemon [_thread_blocked, id=17180, stack(0x000000ecc3d00000,0x000000ecc3e00000) (1024K)]
  0x000002bb0f137e80 JavaThread "Finalizer"                  daemon [_thread_blocked, id=14292, stack(0x000000ecc3e00000,0x000000ecc3f00000) (1024K)]
  0x000002bb0f13a1b0 JavaThread "Signal Dispatcher"          daemon [_thread_blocked, id=10956, stack(0x000000ecc3f00000,0x000000ecc4000000) (1024K)]
=>0x000002bb0f13b0d0 JavaThread "Attach Listener"            daemon [_thread_in_vm, id=15992, stack(0x000000ecc4000000,0x000000ecc4100000) (1024K)]
  0x000002bb0f143a00 JavaThread "Service Thread"             daemon [_thread_blocked, id=13812, stack(0x000000ecc4100000,0x000000ecc4200000) (1024K)]
  0x000002bb0f149f40 JavaThread "Monitor Deflation Thread"   daemon [_thread_blocked, id=13148, stack(0x000000ecc4200000,0x000000ecc4300000) (1024K)]
  0x000002bb0f14bc50 JavaThread "C2 CompilerThread0"         daemon [_thread_blocked, id=18196, stack(0x000000ecc4300000,0x000000ecc4400000) (1024K)]
  0x000002bb0f14e570 JavaThread "C1 CompilerThread0"         daemon [_thread_blocked, id=16056, stack(0x000000ecc4400000,0x000000ecc4500000) (1024K)]
  0x000002bb14126cd0 JavaThread "Common-Cleaner"             daemon [_thread_blocked, id=13940, stack(0x000000ecc4500000,0x000000ecc4600000) (1024K)]
  0x000002bb14275360 JavaThread "Notification Thread"        daemon [_thread_blocked, id=984, stack(0x000000ecc4700000,0x000000ecc4800000) (1024K)]
  0x000002bb14c2eb10 JavaThread "Active Thread: Equinox Container: d8d1ba30-11d2-48e0-bd9f-00705e055e92"        [_thread_blocked, id=7288, stack(0x000000ecc4b00000,0x000000ecc4c00000) (1024K)]
  0x000002bb14c70810 JavaThread "Refresh Thread: Equinox Container: d8d1ba30-11d2-48e0-bd9f-00705e055e92" daemon [_thread_blocked, id=8208, stack(0x000000ecc4600000,0x000000ecc4700000) (1024K)]
  0x000002bb14bb6500 JavaThread "Framework Event Dispatcher: Equinox Container: d8d1ba30-11d2-48e0-bd9f-00705e055e92" daemon [_thread_blocked, id=16556, stack(0x000000ecc4c00000,0x000000ecc4d00000) (1024K)]
  0x000002bb14b671f0 JavaThread "Start Level: Equinox Container: d8d1ba30-11d2-48e0-bd9f-00705e055e92" daemon [_thread_blocked, id=10036, stack(0x000000ecc4d00000,0x000000ecc4e00000) (1024K)]
  0x000002bb14aa1d10 JavaThread "Bundle File Closer"         daemon [_thread_blocked, id=18372, stack(0x000000ecc4f00000,0x000000ecc5000000) (1024K)]
  0x000002bb143e27a0 JavaThread "SCR Component Actor"        daemon [_thread_blocked, id=11308, stack(0x000000ecc4e00000,0x000000ecc4f00000) (1024K)]
  0x000002bb1456a420 JavaThread "Worker-JM"                         [_thread_blocked, id=5004, stack(0x000000ecc5000000,0x000000ecc5100000) (1024K)]
  0x000002bb14056420 JavaThread "JNA Cleaner"                daemon [_thread_blocked, id=10692, stack(0x000000ecc5100000,0x000000ecc5200000) (1024K)]
  0x000002bb14055d90 JavaThread "Worker-0"                          [_thread_blocked, id=12272, stack(0x000000ecc5200000,0x000000ecc5300000) (1024K)]
  0x000002bb140577d0 JavaThread "Worker-3"                          [_thread_blocked, id=10720, stack(0x000000ecc5600000,0x000000ecc5700000) (1024K)]
  0x000002bb14055700 JavaThread "Java indexing"              daemon [_thread_blocked, id=17748, stack(0x000000ecc5700000,0x000000ecc5800000) (1024K)]
  0x000002bb16b7f2e0 JavaThread "pool-2-thread-1"                   [_thread_blocked, id=9864, stack(0x000000ecc5c00000,0x000000ecc5d00000) (1024K)]
  0x000002bb16b79070 JavaThread "WorkspaceEventsHandler"            [_thread_blocked, id=14516, stack(0x000000ecc5d00000,0x000000ecc5e00000) (1024K)]
  0x000002bb16b7aab0 JavaThread "pool-1-thread-1"                   [_thread_in_native, id=13356, stack(0x000000ecc5e00000,0x000000ecc5f00000) (1024K)]
  0x000002bb16b80000 JavaThread "Cleaner-0"                  daemon [_thread_blocked, id=17700, stack(0x000000ecc6400000,0x000000ecc6500000) (1024K)]
Total: 26

Other Threads:
  0x000002bab2d2af90 VMThread "VM Thread"                           [id=17684, stack(0x000000ecc3c00000,0x000000ecc3d00000) (1024K)]
  0x000002bab2cd8290 WatcherThread "VM Periodic Task Thread"        [id=7148, stack(0x000000ecc3b00000,0x000000ecc3c00000) (1024K)]
  0x000002bab2c8a290 WorkerThread "GC Thread#0"                     [id=10816, stack(0x000000ecc3a00000,0x000000ecc3b00000) (1024K)]
  0x000002bb143c2c60 WorkerThread "GC Thread#1"                     [id=11924, stack(0x000000ecc4800000,0x000000ecc4900000) (1024K)]
  0x000002bb1469af80 WorkerThread "GC Thread#2"                     [id=18048, stack(0x000000ecc4900000,0x000000ecc4a00000) (1024K)]
  0x000002bb1458f730 WorkerThread "GC Thread#3"                     [id=9040, stack(0x000000ecc4a00000,0x000000ecc4b00000) (1024K)]
Total: 6

Threads with active compile tasks:
Total: 0

VM state: not at safepoint (normal execution)

VM Mutex/Monitor currently owned by a thread: None

OutOfMemory and StackOverflow Exception counts:
OutOfMemoryError java_heap_errors=1
LinkageErrors=122

Heap address: 0x0000000700000000, size: 4096 MB, Compressed Oops mode: Zero based, Oop shift amount: 3

CDS archive(s) mapped at: [0x000002bace000000-0x000002baceba0000-0x000002baceba0000), size 12189696, SharedBaseAddress: 0x000002bace000000, ArchiveRelocationMode: 1.
Compressed class space mapped at: 0x000002bacf000000-0x000002bb0f000000, reserved size: 1073741824
Narrow klass base: 0x000002bace000000, Narrow klass shift: 0, Narrow klass range: 0x100000000

GC Precious Log:
 CardTable entry size: 512
 CPUs: 4 total, 4 available
 Memory: 8078M
 Large Page Support: Disabled
 NUMA Support: Disabled
 Compressed Oops: Enabled (Zero based)
 Alignments: Space 512K, Generation 512K, Heap 2M
 Heap Min Capacity: 100M
 Heap Initial Capacity: 100M
 Heap Max Capacity: 4G
 Pre-touch: Disabled
 Parallel Workers: 4

Heap:
 PSYoungGen      total 20992K, used 4915K [0x00000007aab00000, 0x00000007ac480000, 0x0000000800000000)
  eden space 20480K, 24% used [0x00000007aab00000,0x00000007aafcccf0,0x00000007abf00000)
  from space 512K, 0% used [0x00000007abf00000,0x00000007abf00000,0x00000007abf80000)
  to   space 512K, 0% used [0x00000007ac400000,0x00000007ac400000,0x00000007ac480000)
 ParOldGen       total 2796544K, used 40634K [0x0000000700000000, 0x00000007aab00000, 0x00000007aab00000)
  object space 2796544K, 1% used [0x0000000700000000,0x00000007027ae820,0x00000007aab00000)
 Metaspace       used 68325K, committed 69824K, reserved 1114112K
  class space    used 7246K, committed 7872K, reserved 1048576K

Card table byte_map: [0x000002bac4e70000,0x000002bac5680000] _byte_map_base: 0x000002bac1670000

Marking Bits: (ParMarkBitMap*) 0x00007ff923b444a0
 Begin Bits: [0x000002bac5680000, 0x000002bac9680000)
 End Bits:   [0x000002bac9680000, 0x000002bacd680000)

Polling page: 0x000002bab09b0000

Metaspace:

Usage:
  Non-class:     59.65 MB used.
      Class:      7.08 MB used.
       Both:     66.72 MB used.

Virtual space:
  Non-class space:       64.00 MB reserved,      60.50 MB ( 95%) committed,  1 nodes.
      Class space:        1.00 GB reserved,       7.69 MB ( <1%) committed,  1 nodes.
             Both:        1.06 GB reserved,      68.19 MB (  6%) committed. 

Chunk freelists:
   Non-Class:  3.05 MB
       Class:  8.37 MB
        Both:  11.42 MB

MaxMetaspaceSize: unlimited
CompressedClassSpaceSize: 1.00 GB
Initial GC threshold: 21.00 MB
Current GC threshold: 113.38 MB
CDS: on
 - commit_granule_bytes: 65536.
 - commit_granule_words: 8192.
 - virtual_space_node_default_size: 8388608.
 - enlarge_chunks_in_place: 1.
 - use_allocation_guard: 0.


Internal statistics:

num_allocs_failed_limit: 9.
num_arena_births: 1168.
num_arena_deaths: 376.
num_vsnodes_births: 2.
num_vsnodes_deaths: 0.
num_space_committed: 1091.
num_space_uncommitted: 0.
num_chunks_returned_to_freelist: 436.
num_chunks_taken_from_freelist: 4417.
num_chunk_merges: 116.
num_chunk_splits: 2685.
num_chunks_enlarged: 1555.
num_inconsistent_stats: 0.

CodeHeap 'non-profiled nmethods': size=120000Kb used=5799Kb max_used=7465Kb free=114200Kb
 bounds [0x000002babd940000, 0x000002babe090000, 0x000002bac4e70000]
CodeHeap 'profiled nmethods': size=120000Kb used=16711Kb max_used=20418Kb free=103288Kb
 bounds [0x000002bab5e70000, 0x000002bab7270000, 0x000002babd3a0000]
CodeHeap 'non-nmethods': size=5760Kb used=1456Kb max_used=1521Kb free=4303Kb
 bounds [0x000002babd3a0000, 0x000002babd610000, 0x000002babd940000]
CodeCache: size=245760Kb, used=23966Kb, max_used=29404Kb, free=221791Kb
 total_blobs=8900, nmethods=8119, adapters=686, full_count=0
Compilation: enabled, stopped_count=0, restarted_count=0

Compilation events (20 events):
Event: 3632.052 Thread 0x000002bb0f14e570 9951  s!   3       org.eclipse.core.internal.jobs.WorkerPool::sleep (124 bytes)
Event: 3632.337 Thread 0x000002bb0f14e570 nmethod 9951 0x000002bab5edb710 code [0x000002bab5edb920, 0x000002bab5edbe40]
Event: 3697.170 Thread 0x000002bb0f14e570 9952       3       java.util.concurrent.ScheduledThreadPoolExecutor$DelayedWorkQueue::take (5 bytes)
Event: 3697.171 Thread 0x000002bb0f14e570 nmethod 9952 0x000002bab6229c10 code [0x000002bab6229dc0, 0x000002bab6229f00]
Event: 3697.171 Thread 0x000002bb0f14e570 9953   !   3       java.util.concurrent.ScheduledThreadPoolExecutor$DelayedWorkQueue::take (203 bytes)
Event: 3697.473 Thread 0x000002bb0f14e570 nmethod 9953 0x000002bab6df3b90 code [0x000002bab6df3f40, 0x000002bab6df5828]
Event: 3704.726 Thread 0x000002bb0f14e570 9954       3       java.lang.ref.ReferenceQueue::await (15 bytes)
Event: 3704.726 Thread 0x000002bb0f14e570 nmethod 9954 0x000002bab605d490 code [0x000002bab605d640, 0x000002bab605d7e8]
Event: 3727.182 Thread 0x000002bb0f14e570 9955       3       java.util.concurrent.ScheduledThreadPoolExecutor$ScheduledFutureTask::setNextRunTime (38 bytes)
Event: 3727.183 Thread 0x000002bb0f14e570 nmethod 9955 0x000002bab6043110 code [0x000002bab60432c0, 0x000002bab6043558]
Event: 3727.183 Thread 0x000002bb0f14e570 9956       3       java.util.concurrent.ScheduledThreadPoolExecutor::reExecutePeriodic (49 bytes)
Event: 3727.223 Thread 0x000002bb0f14e570 nmethod 9956 0x000002bab6b82710 code [0x000002bab6b82940, 0x000002bab6b830c0]
Event: 3863.177 Thread 0x000002bb0f14e570 9957       1       com.sun.jna.internal.Cleaner::access$200 (5 bytes)
Event: 3863.312 Thread 0x000002bb0f14e570 nmethod 9957 0x000002babde11090 code [0x000002babde11220, 0x000002babde112d0]
Event: 3877.495 Thread 0x000002bb0f14e570 9958       3       org.eclipse.jdt.ls.core.internal.ParentProcessWatcher::parentProcessStillRunning (62 bytes)
Event: 3878.549 Thread 0x000002bb0f14e570 nmethod 9958 0x000002bab63c1590 code [0x000002bab63c17c0, 0x000002bab63c1eb0]
Event: 3932.401 Thread 0x000002bb0f14e570 9960       3       org.eclipse.core.internal.utils.StringPool::add (50 bytes)
Event: 3935.033 Thread 0x000002bb0f14e570 nmethod 9960 0x000002bab61ef090 code [0x000002bab61ef280, 0x000002bab61ef750]
Event: 3935.267 Thread 0x000002bb0f14e570 9961       3       org.eclipse.core.internal.resources.ResourceInfo::shareStrings (43 bytes)
Event: 3937.099 Thread 0x000002bb0f14e570 nmethod 9961 0x000002bab61a2f90 code [0x000002bab61a3160, 0x000002bab61a3408]

GC Heap History (20 events):
Event: 97.070 GC heap before
{Heap before GC invocations=37 (full 3):
 PSYoungGen      total 22016K, used 19760K [0x00000007aab00000, 0x00000007ac380000, 0x0000000800000000)
  eden space 18944K, 100% used [0x00000007aab00000,0x00000007abd80000,0x00000007abd80000)
  from space 3072K, 26% used [0x00000007abe80000,0x00000007abf4c0f0,0x00000007ac180000)
  to   space 1536K, 0% used [0x00000007ac200000,0x00000007ac200000,0x00000007ac380000)
 ParOldGen       total 68608K, used 48405K [0x0000000700000000, 0x0000000704300000, 0x00000007aab00000)
  object space 68608K, 70% used [0x0000000700000000,0x0000000702f45728,0x0000000704300000)
 Metaspace       used 63150K, committed 64512K, reserved 1114112K
  class space    used 6726K, committed 7296K, reserved 1048576K
}
Event: 97.077 GC heap after
{Heap after GC invocations=37 (full 3):
 PSYoungGen      total 19456K, used 1523K [0x00000007aab00000, 0x00000007ac880000, 0x0000000800000000)
  eden space 17920K, 0% used [0x00000007aab00000,0x00000007aab00000,0x00000007abc80000)
  from space 1536K, 99% used [0x00000007ac200000,0x00000007ac37ce90,0x00000007ac380000)
  to   space 5632K, 0% used [0x00000007abc80000,0x00000007abc80000,0x00000007ac200000)
 ParOldGen       total 68608K, used 51477K [0x0000000700000000, 0x0000000704300000, 0x00000007aab00000)
  object space 68608K, 75% used [0x0000000700000000,0x0000000703245728,0x0000000704300000)
 Metaspace       used 63150K, committed 64512K, reserved 1114112K
  class space    used 6726K, committed 7296K, reserved 1048576K
}
Event: 100.030 GC heap before
{Heap before GC invocations=38 (full 3):
 PSYoungGen      total 19456K, used 19443K [0x00000007aab00000, 0x00000007ac880000, 0x0000000800000000)
  eden space 17920K, 99% used [0x00000007aab00000,0x00000007abc7ffd8,0x00000007abc80000)
  from space 1536K, 99% used [0x00000007ac200000,0x00000007ac37ce90,0x00000007ac380000)
  to   space 5632K, 0% used [0x00000007abc80000,0x00000007abc80000,0x00000007ac200000)
 ParOldGen       total 68608K, used 51477K [0x0000000700000000, 0x0000000704300000, 0x00000007aab00000)
  object space 68608K, 75% used [0x0000000700000000,0x0000000703245728,0x0000000704300000)
 Metaspace       used 64947K, committed 66432K, reserved 1114112K
  class space    used 6998K, committed 7616K, reserved 1048576K
}
Event: 100.034 GC heap after
{Heap after GC invocations=38 (full 3):
 PSYoungGen      total 18944K, used 990K [0x00000007aab00000, 0x00000007ac280000, 0x0000000800000000)
  eden space 17920K, 0% used [0x00000007aab00000,0x00000007aab00000,0x00000007abc80000)
  from space 1024K, 96% used [0x00000007abc80000,0x00000007abd779a8,0x00000007abd80000)
  to   space 2560K, 0% used [0x00000007ac000000,0x00000007ac000000,0x00000007ac280000)
 ParOldGen       total 68608K, used 51730K [0x0000000700000000, 0x0000000704300000, 0x00000007aab00000)
  object space 68608K, 75% used [0x0000000700000000,0x0000000703284ba8,0x0000000704300000)
 Metaspace       used 64947K, committed 66432K, reserved 1114112K
  class space    used 6998K, committed 7616K, reserved 1048576K
}
Event: 101.969 GC heap before
{Heap before GC invocations=39 (full 3):
 PSYoungGen      total 18944K, used 18910K [0x00000007aab00000, 0x00000007ac280000, 0x0000000800000000)
  eden space 17920K, 100% used [0x00000007aab00000,0x00000007abc80000,0x00000007abc80000)
  from space 1024K, 96% used [0x00000007abc80000,0x00000007abd779a8,0x00000007abd80000)
  to   space 2560K, 0% used [0x00000007ac000000,0x00000007ac000000,0x00000007ac280000)
 ParOldGen       total 68608K, used 51730K [0x0000000700000000, 0x0000000704300000, 0x00000007aab00000)
  object space 68608K, 75% used [0x0000000700000000,0x0000000703284ba8,0x0000000704300000)
 Metaspace       used 65583K, committed 67008K, reserved 1114112K
  class space    used 7058K, committed 7680K, reserved 1048576K
}
Event: 101.972 GC heap after
{Heap after GC invocations=39 (full 3):
 PSYoungGen      total 18944K, used 896K [0x00000007aab00000, 0x00000007ac100000, 0x0000000800000000)
  eden space 17920K, 0% used [0x00000007aab00000,0x00000007aab00000,0x00000007abc80000)
  from space 1024K, 87% used [0x00000007ac000000,0x00000007ac0e0020,0x00000007ac100000)
  to   space 1536K, 0% used [0x00000007abe00000,0x00000007abe00000,0x00000007abf80000)
 ParOldGen       total 68608K, used 52547K [0x0000000700000000, 0x0000000704300000, 0x00000007aab00000)
  object space 68608K, 76% used [0x0000000700000000,0x0000000703350fa8,0x0000000704300000)
 Metaspace       used 65583K, committed 67008K, reserved 1114112K
  class space    used 7058K, committed 7680K, reserved 1048576K
}
Event: 123.542 GC heap before
{Heap before GC invocations=40 (full 3):
 PSYoungGen      total 18944K, used 18816K [0x00000007aab00000, 0x00000007ac100000, 0x0000000800000000)
  eden space 17920K, 100% used [0x00000007aab00000,0x00000007abc80000,0x00000007abc80000)
  from space 1024K, 87% used [0x00000007ac000000,0x00000007ac0e0020,0x00000007ac100000)
  to   space 1536K, 0% used [0x00000007abe00000,0x00000007abe00000,0x00000007abf80000)
 ParOldGen       total 68608K, used 52547K [0x0000000700000000, 0x0000000704300000, 0x00000007aab00000)
  object space 68608K, 76% used [0x0000000700000000,0x0000000703350fa8,0x0000000704300000)
 Metaspace       used 66388K, committed 67840K, reserved 1114112K
  class space    used 7132K, committed 7744K, reserved 1048576K
}
Event: 123.547 GC heap after
{Heap after GC invocations=40 (full 3):
 PSYoungGen      total 19456K, used 507K [0x00000007aab00000, 0x00000007ac080000, 0x0000000800000000)
  eden space 17920K, 0% used [0x00000007aab00000,0x00000007aab00000,0x00000007abc80000)
  from space 1536K, 33% used [0x00000007abe00000,0x00000007abe7eec8,0x00000007abf80000)
  to   space 1024K, 0% used [0x00000007abf80000,0x00000007abf80000,0x00000007ac080000)
 ParOldGen       total 68608K, used 53257K [0x0000000700000000, 0x0000000704300000, 0x00000007aab00000)
  object space 68608K, 77% used [0x0000000700000000,0x0000000703402458,0x0000000704300000)
 Metaspace       used 66388K, committed 67840K, reserved 1114112K
  class space    used 7132K, committed 7744K, reserved 1048576K
}
Event: 125.616 GC heap before
{Heap before GC invocations=41 (full 3):
 PSYoungGen      total 19456K, used 18427K [0x00000007aab00000, 0x00000007ac080000, 0x0000000800000000)
  eden space 17920K, 100% used [0x00000007aab00000,0x00000007abc80000,0x00000007abc80000)
  from space 1536K, 33% used [0x00000007abe00000,0x00000007abe7eec8,0x00000007abf80000)
  to   space 1024K, 0% used [0x00000007abf80000,0x00000007abf80000,0x00000007ac080000)
 ParOldGen       total 68608K, used 53257K [0x0000000700000000, 0x0000000704300000, 0x00000007aab00000)
  object space 68608K, 77% used [0x0000000700000000,0x0000000703402458,0x0000000704300000)
 Metaspace       used 68051K, committed 69504K, reserved 1114112K
  class space    used 7267K, committed 7872K, reserved 1048576K
}
Event: 125.620 GC heap after
{Heap after GC invocations=41 (full 3):
 PSYoungGen      total 18432K, used 432K [0x00000007aab00000, 0x00000007ac000000, 0x0000000800000000)
  eden space 17920K, 0% used [0x00000007aab00000,0x00000007aab00000,0x00000007abc80000)
  from space 512K, 84% used [0x00000007abf80000,0x00000007abfec010,0x00000007ac000000)
  to   space 512K, 0% used [0x00000007abf00000,0x00000007abf00000,0x00000007abf80000)
 ParOldGen       total 68608K, used 53464K [0x0000000700000000, 0x0000000704300000, 0x00000007aab00000)
  object space 68608K, 77% used [0x0000000700000000,0x00000007034363c8,0x0000000704300000)
 Metaspace       used 68051K, committed 69504K, reserved 1114112K
  class space    used 7267K, committed 7872K, reserved 1048576K
}
Event: 163.724 GC heap before
{Heap before GC invocations=42 (full 3):
 PSYoungGen      total 18432K, used 11579K [0x00000007aab00000, 0x00000007ac000000, 0x0000000800000000)
  eden space 17920K, 62% used [0x00000007aab00000,0x00000007ab5e2c70,0x00000007abc80000)
  from space 512K, 84% used [0x00000007abf80000,0x00000007abfec010,0x00000007ac000000)
  to   space 512K, 0% used [0x00000007abf00000,0x00000007abf00000,0x00000007abf80000)
 ParOldGen       total 2796544K, used 53464K [0x0000000700000000, 0x00000007aab00000, 0x00000007aab00000)
  object space 2796544K, 1% used [0x0000000700000000,0x00000007034363c8,0x00000007aab00000)
 Metaspace       used 68153K, committed 69632K, reserved 1114112K
  class space    used 7267K, committed 7872K, reserved 1048576K
}
Event: 163.725 GC heap after
{Heap after GC invocations=42 (full 3):
 PSYoungGen      total 18432K, used 128K [0x00000007aab00000, 0x00000007ac000000, 0x0000000800000000)
  eden space 17920K, 0% used [0x00000007aab00000,0x00000007aab00000,0x00000007abc80000)
  from space 512K, 25% used [0x00000007abf00000,0x00000007abf20000,0x00000007abf80000)
  to   space 512K, 0% used [0x00000007abf80000,0x00000007abf80000,0x00000007ac000000)
 ParOldGen       total 2796544K, used 53648K [0x0000000700000000, 0x00000007aab00000, 0x00000007aab00000)
  object space 2796544K, 1% used [0x0000000700000000,0x00000007034643c8,0x00000007aab00000)
 Metaspace       used 68153K, committed 69632K, reserved 1114112K
  class space    used 7267K, committed 7872K, reserved 1048576K
}
Event: 163.725 GC heap before
{Heap before GC invocations=43 (full 3):
 PSYoungGen      total 18432K, used 128K [0x00000007aab00000, 0x00000007ac000000, 0x0000000800000000)
  eden space 17920K, 0% used [0x00000007aab00000,0x00000007aab00000,0x00000007abc80000)
  from space 512K, 25% used [0x00000007abf00000,0x00000007abf20000,0x00000007abf80000)
  to   space 512K, 0% used [0x00000007abf80000,0x00000007abf80000,0x00000007ac000000)
 ParOldGen       total 2796544K, used 53648K [0x0000000700000000, 0x00000007aab00000, 0x00000007aab00000)
  object space 2796544K, 1% used [0x0000000700000000,0x00000007034643c8,0x00000007aab00000)
 Metaspace       used 68153K, committed 69632K, reserved 1114112K
  class space    used 7267K, committed 7872K, reserved 1048576K
}
Event: 163.725 GC heap after
{Heap after GC invocations=43 (full 3):
 PSYoungGen      total 20992K, used 0K [0x00000007aab00000, 0x00000007ac200000, 0x0000000800000000)
  eden space 20480K, 0% used [0x00000007aab00000,0x00000007aab00000,0x00000007abf00000)
  from space 512K, 0% used [0x00000007abf80000,0x00000007abf80000,0x00000007ac000000)
  to   space 512K, 0% used [0x00000007abf00000,0x00000007abf00000,0x00000007abf80000)
 ParOldGen       total 2796544K, used 53688K [0x0000000700000000, 0x00000007aab00000, 0x00000007aab00000)
  object space 2796544K, 1% used [0x0000000700000000,0x000000070346e3c8,0x00000007aab00000)
 Metaspace       used 68153K, committed 69632K, reserved 1114112K
  class space    used 7267K, committed 7872K, reserved 1048576K
}
Event: 163.725 GC heap before
{Heap before GC invocations=44 (full 4):
 PSYoungGen      total 20992K, used 0K [0x00000007aab00000, 0x00000007ac200000, 0x0000000800000000)
  eden space 20480K, 0% used [0x00000007aab00000,0x00000007aab00000,0x00000007abf00000)
  from space 512K, 0% used [0x00000007abf80000,0x00000007abf80000,0x00000007ac000000)
  to   space 512K, 0% used [0x00000007abf00000,0x00000007abf00000,0x00000007abf80000)
 ParOldGen       total 2796544K, used 53688K [0x0000000700000000, 0x00000007aab00000, 0x00000007aab00000)
  object space 2796544K, 1% used [0x0000000700000000,0x000000070346e3c8,0x00000007aab00000)
 Metaspace       used 68153K, committed 69632K, reserved 1114112K
  class space    used 7267K, committed 7872K, reserved 1048576K
}
Event: 163.880 GC heap after
{Heap after GC invocations=44 (full 4):
 PSYoungGen      total 20992K, used 0K [0x00000007aab00000, 0x00000007ac480000, 0x0000000800000000)
  eden space 20480K, 0% used [0x00000007aab00000,0x00000007aab00000,0x00000007abf00000)
  from space 512K, 0% used [0x00000007abf00000,0x00000007abf00000,0x00000007abf80000)
  to   space 512K, 0% used [0x00000007ac400000,0x00000007ac400000,0x00000007ac480000)
 ParOldGen       total 72192K, used 45654K [0x0000000700000000, 0x0000000704680000, 0x00000007aab00000)
  object space 72192K, 63% used [0x0000000700000000,0x0000000702c95b48,0x0000000704680000)
 Metaspace       used 68153K, committed 69632K, reserved 1114112K
  class space    used 7267K, committed 7872K, reserved 1048576K
}
Event: 163.890 GC heap before
{Heap before GC invocations=45 (full 4):
 PSYoungGen      total 20992K, used 0K [0x00000007aab00000, 0x00000007ac480000, 0x0000000800000000)
  eden space 20480K, 0% used [0x00000007aab00000,0x00000007aab00000,0x00000007abf00000)
  from space 512K, 0% used [0x00000007abf00000,0x00000007abf00000,0x00000007abf80000)
  to   space 512K, 0% used [0x00000007ac400000,0x00000007ac400000,0x00000007ac480000)
 ParOldGen       total 2796544K, used 45654K [0x0000000700000000, 0x00000007aab00000, 0x00000007aab00000)
  object space 2796544K, 1% used [0x0000000700000000,0x0000000702c95b48,0x00000007aab00000)
 Metaspace       used 68153K, committed 69632K, reserved 1114112K
  class space    used 7267K, committed 7872K, reserved 1048576K
}
Event: 163.891 GC heap after
{Heap after GC invocations=45 (full 4):
 PSYoungGen      total 20992K, used 0K [0x00000007aab00000, 0x00000007ac480000, 0x0000000800000000)
  eden space 20480K, 0% used [0x00000007aab00000,0x00000007aab00000,0x00000007abf00000)
  from space 512K, 0% used [0x00000007ac400000,0x00000007ac400000,0x00000007ac480000)
  to   space 512K, 0% used [0x00000007abf00000,0x00000007abf00000,0x00000007abf80000)
 ParOldGen       total 2796544K, used 45654K [0x0000000700000000, 0x00000007aab00000, 0x00000007aab00000)
  object space 2796544K, 1% used [0x0000000700000000,0x0000000702c95b48,0x00000007aab00000)
 Metaspace       used 68153K, committed 69632K, reserved 1114112K
  class space    used 7267K, committed 7872K, reserved 1048576K
}
Event: 163.891 GC heap before
{Heap before GC invocations=46 (full 5):
 PSYoungGen      total 20992K, used 0K [0x00000007aab00000, 0x00000007ac480000, 0x0000000800000000)
  eden space 20480K, 0% used [0x00000007aab00000,0x00000007aab00000,0x00000007abf00000)
  from space 512K, 0% used [0x00000007ac400000,0x00000007ac400000,0x00000007ac480000)
  to   space 512K, 0% used [0x00000007abf00000,0x00000007abf00000,0x00000007abf80000)
 ParOldGen       total 2796544K, used 45654K [0x0000000700000000, 0x00000007aab00000, 0x00000007aab00000)
  object space 2796544K, 1% used [0x0000000700000000,0x0000000702c95b48,0x00000007aab00000)
 Metaspace       used 68153K, committed 69632K, reserved 1114112K
  class space    used 7267K, committed 7872K, reserved 1048576K
}
Event: 164.079 GC heap after
{Heap after GC invocations=46 (full 5):
 PSYoungGen      total 20992K, used 0K [0x00000007aab00000, 0x00000007ac480000, 0x0000000800000000)
  eden space 20480K, 0% used [0x00000007aab00000,0x00000007aab00000,0x00000007abf00000)
  from space 512K, 0% used [0x00000007abf00000,0x00000007abf00000,0x00000007abf80000)
  to   space 512K, 0% used [0x00000007ac400000,0x00000007ac400000,0x00000007ac480000)
 ParOldGen       total 85504K, used 40634K [0x0000000700000000, 0x0000000705380000, 0x00000007aab00000)
  object space 85504K, 47% used [0x0000000700000000,0x00000007027ae820,0x0000000705380000)
 Metaspace       used 67820K, committed 69632K, reserved 1114112K
  class space    used 7177K, committed 7872K, reserved 1048576K
}

Dll operation events (20 events):
Event: 0.023 Attempting to load shared library c:\Users\Dell\.vscode\extensions\redhat.java-1.56.0-win32-x64\jre\21.0.12.1-win32-x86_64\bin\java.dll
Event: 0.023 Loaded shared library c:\Users\Dell\.vscode\extensions\redhat.java-1.56.0-win32-x64\jre\21.0.12.1-win32-x86_64\bin\java.dll
Event: 0.134 Attempting to load shared library c:\Users\Dell\.vscode\extensions\redhat.java-1.56.0-win32-x64\jre\21.0.12.1-win32-x86_64\bin\zip.dll
Event: 0.134 Loaded shared library c:\Users\Dell\.vscode\extensions\redhat.java-1.56.0-win32-x64\jre\21.0.12.1-win32-x86_64\bin\zip.dll
Event: 0.182 Attempting to load shared library C:\Users\Dell\.vscode\extensions\redhat.java-1.56.0-win32-x64\jre\21.0.12.1-win32-x86_64\bin\instrument.dll
Event: 0.182 Loaded shared library C:\Users\Dell\.vscode\extensions\redhat.java-1.56.0-win32-x64\jre\21.0.12.1-win32-x86_64\bin\instrument.dll
Event: 0.189 Attempting to load shared library C:\Users\Dell\.vscode\extensions\redhat.java-1.56.0-win32-x64\jre\21.0.12.1-win32-x86_64\bin\net.dll
Event: 0.190 Loaded shared library C:\Users\Dell\.vscode\extensions\redhat.java-1.56.0-win32-x64\jre\21.0.12.1-win32-x86_64\bin\net.dll
Event: 0.192 Attempting to load shared library C:\Users\Dell\.vscode\extensions\redhat.java-1.56.0-win32-x64\jre\21.0.12.1-win32-x86_64\bin\nio.dll
Event: 0.193 Loaded shared library C:\Users\Dell\.vscode\extensions\redhat.java-1.56.0-win32-x64\jre\21.0.12.1-win32-x86_64\bin\nio.dll
Event: 0.201 Attempting to load shared library C:\Users\Dell\.vscode\extensions\redhat.java-1.56.0-win32-x64\jre\21.0.12.1-win32-x86_64\bin\zip.dll
Event: 0.201 Loaded shared library C:\Users\Dell\.vscode\extensions\redhat.java-1.56.0-win32-x64\jre\21.0.12.1-win32-x86_64\bin\zip.dll
Event: 0.227 Attempting to load shared library C:\Users\Dell\.vscode\extensions\redhat.java-1.56.0-win32-x64\jre\21.0.12.1-win32-x86_64\bin\jimage.dll
Event: 0.227 Loaded shared library C:\Users\Dell\.vscode\extensions\redhat.java-1.56.0-win32-x64\jre\21.0.12.1-win32-x86_64\bin\jimage.dll
Event: 0.377 Attempting to load shared library c:\Users\Dell\.vscode\extensions\redhat.java-1.56.0-win32-x64\jre\21.0.12.1-win32-x86_64\bin\verify.dll
Event: 0.383 Loaded shared library c:\Users\Dell\.vscode\extensions\redhat.java-1.56.0-win32-x64\jre\21.0.12.1-win32-x86_64\bin\verify.dll
Event: 3.539 Attempting to load shared library C:\Users\Dell\AppData\Roaming\Code\User\globalStorage\redhat.java\1.56.0\config_win\org.eclipse.equinox.launcher\org.eclipse.equinox.launcher.win32.win32.x86_64_1.3.100.v20260804-1928\eclipse_11924.dll
Event: 3.540 Loaded shared library C:\Users\Dell\AppData\Roaming\Code\User\globalStorage\redhat.java\1.56.0\config_win\org.eclipse.equinox.launcher\org.eclipse.equinox.launcher.win32.win32.x86_64_1.3.100.v20260804-1928\eclipse_11924.dll
Event: 15.187 Attempting to load shared library C:\Temp\jna-2126305\jna8634333141810261107.dll
Event: 15.401 Loaded shared library C:\Temp\jna-2126305\jna8634333141810261107.dll

Deoptimization events (20 events):
Event: 164.649 Thread 0x000002bb140577d0 Uncommon trap: trap_request=0xffffffde fr.pc=0x000002babdc6072c relative=0x00000000000004cc
Event: 164.649 Thread 0x000002bb140577d0 Uncommon trap: reason=class_check action=maybe_recompile pc=0x000002babdc6072c method=java.io.DataOutputStream.writeInt(I)V @ 19 c2
Event: 164.649 Thread 0x000002bb140577d0 DEOPT PACKING pc=0x000002babdc6072c sp=0x000000ecc56fee70
Event: 164.649 Thread 0x000002bb140577d0 DEOPT UNPACKING pc=0x000002babd3f3aa2 sp=0x000000ecc56fee18 mode 2
Event: 164.649 Thread 0x000002bb140577d0 Uncommon trap: trap_request=0xffffffde fr.pc=0x000002babdc6072c relative=0x00000000000004cc
Event: 164.649 Thread 0x000002bb140577d0 Uncommon trap: reason=class_check action=maybe_recompile pc=0x000002babdc6072c method=java.io.DataOutputStream.writeInt(I)V @ 19 c2
Event: 164.649 Thread 0x000002bb140577d0 DEOPT PACKING pc=0x000002babdc6072c sp=0x000000ecc56fedc0
Event: 164.649 Thread 0x000002bb140577d0 DEOPT UNPACKING pc=0x000002babd3f3aa2 sp=0x000000ecc56fed68 mode 2
Event: 164.753 Thread 0x000002bb140577d0 Uncommon trap: trap_request=0xffffff45 fr.pc=0x000002babdabd2d4 relative=0x00000000000001b4
Event: 164.753 Thread 0x000002bb140577d0 Uncommon trap: reason=unstable_if action=reinterpret pc=0x000002babdabd2d4 method=jdk.internal.org.objectweb.asm.Frame.push(I)V @ 26 c2
Event: 164.753 Thread 0x000002bb140577d0 DEOPT PACKING pc=0x000002babdabd2d4 sp=0x000000ecc56fd4d0
Event: 164.753 Thread 0x000002bb140577d0 DEOPT UNPACKING pc=0x000002babd3f3aa2 sp=0x000000ecc56fd458 mode 2
Event: 164.808 Thread 0x000002bb140577d0 Uncommon trap: trap_request=0xfffffff4 fr.pc=0x000002babdc0f3b0 relative=0x00000000000003f0
Event: 164.808 Thread 0x000002bb140577d0 Uncommon trap: reason=null_check action=make_not_entrant pc=0x000002babdc0f3b0 method=java.lang.invoke.LambdaFormEditor.getInCache(Ljava/lang/invoke/LambdaFormEditor$TransformKey;)Ljava/lang/invoke/LambdaForm; @ 157 c2
Event: 164.808 Thread 0x000002bb140577d0 DEOPT PACKING pc=0x000002babdc0f3b0 sp=0x000000ecc56fd9e0
Event: 164.808 Thread 0x000002bb140577d0 DEOPT UNPACKING pc=0x000002babd3f3aa2 sp=0x000000ecc56fd950 mode 2
Event: 164.846 Thread 0x000002bb140577d0 Uncommon trap: trap_request=0xffffffc6 fr.pc=0x000002babdecbc90 relative=0x0000000000003c90
Event: 164.846 Thread 0x000002bb140577d0 Uncommon trap: reason=bimorphic_or_optimized_type_check action=maybe_recompile pc=0x000002babdecbc90 method=java.util.Properties.load0(Ljava/util/Properties$LineReader;)V @ 241 c2
Event: 164.846 Thread 0x000002bb140577d0 DEOPT PACKING pc=0x000002babdecbc90 sp=0x000000ecc56fed00
Event: 164.846 Thread 0x000002bb140577d0 DEOPT UNPACKING pc=0x000002babd3f3aa2 sp=0x000000ecc56fed50 mode 2

Classes loaded (20 events):
Event: 164.541 Loading class java/util/concurrent/ConcurrentHashMap$EntrySpliterator
Event: 164.541 Loading class java/util/concurrent/ConcurrentHashMap$EntrySpliterator done
Event: 164.605 Loading class java/util/zip/Deflater
Event: 164.605 Loading class java/util/zip/Deflater done
Event: 164.607 Loading class java/util/zip/Deflater$DeflaterZStreamRef
Event: 164.607 Loading class java/util/zip/Deflater$DeflaterZStreamRef done
Event: 164.618 Loading class java/util/stream/Nodes$ToArrayTask$OfRef
Event: 164.618 Loading class java/util/stream/Nodes$ToArrayTask
Event: 164.618 Loading class java/util/stream/Nodes$ToArrayTask done
Event: 164.618 Loading class java/util/stream/Nodes$ToArrayTask$OfRef done
Event: 164.621 Loading class java/io/ObjectOutputStream$BlockDataOutputStream
Event: 164.621 Loading class java/io/ObjectOutputStream$BlockDataOutputStream done
Event: 164.621 Loading class java/io/ObjectOutputStream$HandleTable
Event: 164.621 Loading class java/io/ObjectOutputStream$HandleTable done
Event: 164.621 Loading class java/io/ObjectOutputStream$ReplaceTable
Event: 164.621 Loading class java/io/ObjectOutputStream$ReplaceTable done
Event: 164.883 Loading class java/lang/StackStreamFactory$CallerClassFinder
Event: 164.883 Loading class java/lang/StackStreamFactory$CallerClassFinder done
Event: 164.883 Loading class java/lang/StackStreamFactory$CallerClassFinder$ClassBuffer
Event: 164.883 Loading class java/lang/StackStreamFactory$CallerClassFinder$ClassBuffer done

Classes unloaded (20 events):
Event: 163.922 Thread 0x000002bab2d2af90 Unloading class 0x000002bacf014800 'java/lang/invoke/LambdaForm$MH+0x000002bacf014800'
Event: 163.922 Thread 0x000002bab2d2af90 Unloading class 0x000002bacf00d800 'java/lang/invoke/LambdaForm$MH+0x000002bacf00d800'
Event: 163.922 Thread 0x000002bab2d2af90 Unloading class 0x000002bacf00d400 'java/lang/invoke/LambdaForm$MH+0x000002bacf00d400'
Event: 163.922 Thread 0x000002bab2d2af90 Unloading class 0x000002bacf00d000 'java/lang/invoke/LambdaForm$MH+0x000002bacf00d000'
Event: 163.922 Thread 0x000002bab2d2af90 Unloading class 0x000002bacf00cc00 'java/lang/invoke/LambdaForm$MH+0x000002bacf00cc00'
Event: 163.922 Thread 0x000002bab2d2af90 Unloading class 0x000002bacf00c800 'java/lang/invoke/LambdaForm$BMH+0x000002bacf00c800'
Event: 163.922 Thread 0x000002bab2d2af90 Unloading class 0x000002bacf00c000 'java/lang/invoke/LambdaForm$DMH+0x000002bacf00c000'
Event: 163.922 Thread 0x000002bab2d2af90 Unloading class 0x000002bacf008c00 'java/lang/invoke/LambdaForm$MH+0x000002bacf008c00'
Event: 163.922 Thread 0x000002bab2d2af90 Unloading class 0x000002bacf008800 'java/lang/invoke/LambdaForm$MH+0x000002bacf008800'
Event: 163.922 Thread 0x000002bab2d2af90 Unloading class 0x000002bacf008400 'java/lang/invoke/LambdaForm$MH+0x000002bacf008400'
Event: 163.922 Thread 0x000002bab2d2af90 Unloading class 0x000002bacf007000 'java/lang/invoke/LambdaForm$MH+0x000002bacf007000'
Event: 163.922 Thread 0x000002bab2d2af90 Unloading class 0x000002bacf006800 'java/lang/invoke/LambdaForm$MH+0x000002bacf006800'
Event: 163.922 Thread 0x000002bab2d2af90 Unloading class 0x000002bacf006400 'java/lang/invoke/LambdaForm$MH+0x000002bacf006400'
Event: 163.922 Thread 0x000002bab2d2af90 Unloading class 0x000002bacf006000 'java/lang/invoke/LambdaForm$MH+0x000002bacf006000'
Event: 163.922 Thread 0x000002bab2d2af90 Unloading class 0x000002bacf005c00 'java/lang/invoke/LambdaForm$BMH+0x000002bacf005c00'
Event: 163.922 Thread 0x000002bab2d2af90 Unloading class 0x000002bacf004800 'java/lang/invoke/LambdaForm$DMH+0x000002bacf004800'
Event: 163.922 Thread 0x000002bab2d2af90 Unloading class 0x000002bacf002400 'java/lang/invoke/LambdaForm$MH+0x000002bacf002400'
Event: 163.922 Thread 0x000002bab2d2af90 Unloading class 0x000002bacf002000 'java/lang/invoke/LambdaForm$MH+0x000002bacf002000'
Event: 163.922 Thread 0x000002bab2d2af90 Unloading class 0x000002bacf001800 'java/lang/invoke/LambdaForm$MH+0x000002bacf001800'
Event: 163.922 Thread 0x000002bab2d2af90 Unloading class 0x000002bacf000400 'java/lang/invoke/LambdaForm$MH+0x000002bacf000400'

Classes redefined (0 events):
No events

Internal exceptions (20 events):
Event: 99.132 Thread 0x000002bb16b7ec50 Exception <a 'java/lang/NoSuchMethodError'{0x00000007aaebcb58}: 'java.lang.Object java.lang.invoke.DirectMethodHandle$Holder.invokeSpecial(java.lang.Object, java.lang.Object, java.lang.Object, java.lang.Object, int, java.lang.Object, java.lang.Object)'> (0x00000007aaebcb58) 
thrown [s\src\hotspot\share\interpreter\linkResolver.cpp, line 773]
Event: 99.133 Thread 0x000002bb16b7aab0 Exception <a 'java/lang/IncompatibleClassChangeError'{0x00000007aaecb208}: Found class java.lang.Object, but interface was expected> (0x00000007aaecb208) 
thrown [s\src\hotspot\share\interpreter\linkResolver.cpp, line 840]
Event: 99.875 Thread 0x000002bb16b7e5c0 Exception <a 'java/lang/NoSuchMethodError'{0x00000007abad79e8}: 'void java.lang.invoke.DirectMethodHandle$Holder.invokeSpecial(java.lang.Object, java.lang.Object, int)'> (0x00000007abad79e8) 
thrown [s\src\hotspot\share\interpreter\linkResolver.cpp, line 773]
Event: 100.269 Thread 0x000002bb16b7e5c0 Implicit null exception at 0x000002bab6f741c4 to 0x000002bab6f74944
Event: 100.269 Thread 0x000002bb16b7e5c0 Exception <a 'java/lang/NullPointerException'{0x00000007ab05ecc8}> (0x00000007ab05ecc8) 
thrown [s\src\hotspot\share\runtime\sharedRuntime.cpp, line 625]
Event: 100.571 Thread 0x000002bb16b7ec50 Implicit null exception at 0x000002bab6f741c4 to 0x000002bab6f74944
Event: 100.571 Thread 0x000002bb16b7ec50 Exception <a 'java/lang/NullPointerException'{0x00000007ab5f8098}> (0x00000007ab5f8098) 
thrown [s\src\hotspot\share\runtime\sharedRuntime.cpp, line 625]
Event: 124.233 Thread 0x000002bb16b7e5c0 Exception <a 'java/lang/NoSuchMethodError'{0x00000007ab3158a0}: 'int java.lang.invoke.DirectMethodHandle$Holder.invokeSpecial(java.lang.Object, java.lang.Object, java.lang.Object, java.lang.Object, java.lang.Object)'> (0x00000007ab3158a0) 
thrown [s\src\hotspot\share\interpreter\linkResolver.cpp, line 773]
Event: 163.624 Thread 0x000002bb14055700 Exception <a 'java/io/FileNotFoundException'{0x00000007ab5cb298}> (0x00000007ab5cb298) 
thrown [s\src\hotspot\share\prims\jni.cpp, line 520]
Event: 163.641 Thread 0x000002bb14055700 Implicit null exception at 0x000002babdf2b400 to 0x000002babdf2b820
Event: 164.472 Thread 0x000002bb16b7aab0 Implicit null exception at 0x000002babdeaf593 to 0x000002babdeb0910
Event: 164.475 Thread 0x000002bb16b7aab0 Implicit null exception at 0x000002babda6370f to 0x000002babda637bd
Event: 164.537 Thread 0x000002bb140577d0 Implicit null exception at 0x000002babdc4d03f to 0x000002babdc4df7c
Event: 164.538 Thread 0x000002bb140577d0 Implicit null exception at 0x000002babdfeb808 to 0x000002babdfebad4
Event: 164.622 Thread 0x000002bb140577d0 Implicit null exception at 0x000002babdff973a to 0x000002babdff99d9
Event: 164.755 Thread 0x000002bb140577d0 Exception <a 'java/lang/NoSuchMethodError'{0x00000007aae3e420}: 'java.lang.Object java.lang.invoke.DirectMethodHandle$Holder.newInvokeSpecial(java.lang.Object, java.lang.Object, java.lang.Object, java.lang.Object, java.lang.Object, java.lang.Object, java.lang.Object, java.lang.Object, java.lang.Object, java.lang.Object)'> (0x00000007aae3e420) 
thrown [s\src\hotspot\share\interpreter\linkResolver.cpp, line 773]
Event: 164.802 Thread 0x000002bb140577d0 Exception <a 'sun/nio/fs/WindowsException'{0x00000007aaec7db0}> (0x00000007aaec7db0) 
thrown [s\src\hotspot\share\prims\jni.cpp, line 520]
Event: 164.808 Thread 0x000002bb140577d0 Implicit null exception at 0x000002babdc0f13c to 0x000002babdc0f3a4
Event: 164.853 Thread 0x000002bb14055700 Exception <a 'java/lang/OutOfMemoryError'{0x000000070039cba0}> (0x000000070039cba0) 
thrown [s\src\hotspot\share\gc\shared\memAllocator.cpp, line 136]
Event: 164.882 Thread 0x000002bb14055700 Exception <a 'java/lang/NoSuchMethodError'{0x00000007aaf5ae58}: 'java.lang.Object java.lang.invoke.DirectMethodHandle$Holder.invokeSpecial(java.lang.Object, java.lang.Object, java.lang.Object, int, int)'> (0x00000007aaf5ae58) 
thrown [s\src\hotspot\share\interpreter\linkResolver.cpp, line 773]

ZGC Phase Switch (0 events):
No events

VM Operations (20 events):
Event: 3707.250 Executing safepoint VM operation: Cleanup
Event: 3707.250 Executing safepoint VM operation: Cleanup done
Event: 3729.023 Executing non-safepoint VM operation: HandshakeAllThreads (HandshakeForDeflation)
Event: 3729.043 Executing non-safepoint VM operation: HandshakeAllThreads (HandshakeForDeflation) done
Event: 3729.043 Executing non-safepoint VM operation: RendezvousGCThreads
Event: 3729.043 Executing non-safepoint VM operation: RendezvousGCThreads done
Event: 3849.284 Executing non-safepoint VM operation: HandshakeAllThreads (HandshakeForDeflation)
Event: 3849.284 Executing non-safepoint VM operation: HandshakeAllThreads (HandshakeForDeflation) done
Event: 3849.284 Executing non-safepoint VM operation: RendezvousGCThreads
Event: 3849.284 Executing non-safepoint VM operation: RendezvousGCThreads done
Event: 3932.608 Executing safepoint VM operation: Cleanup
Event: 3933.129 Executing safepoint VM operation: Cleanup done
Event: 3969.425 Executing non-safepoint VM operation: HandshakeAllThreads (HandshakeForDeflation)
Event: 3969.425 Executing non-safepoint VM operation: HandshakeAllThreads (HandshakeForDeflation) done
Event: 3969.425 Executing non-safepoint VM operation: RendezvousGCThreads
Event: 3969.425 Executing non-safepoint VM operation: RendezvousGCThreads done
Event: 4089.716 Executing non-safepoint VM operation: HandshakeAllThreads (HandshakeForDeflation)
Event: 4089.716 Executing non-safepoint VM operation: HandshakeAllThreads (HandshakeForDeflation) done
Event: 4089.716 Executing non-safepoint VM operation: RendezvousGCThreads
Event: 4089.716 Executing non-safepoint VM operation: RendezvousGCThreads done

Memory protections (0 events):
No events

Nmethod flushes (20 events):
Event: 163.945 Thread 0x000002bab2d2af90 flushing  nmethod 0x000002bab6fa9390
Event: 163.945 Thread 0x000002bab2d2af90 flushing  nmethod 0x000002bab6fbe910
Event: 163.945 Thread 0x000002bab2d2af90 flushing  nmethod 0x000002bab6fc8c10
Event: 163.945 Thread 0x000002bab2d2af90 flushing  nmethod 0x000002bab6fd3b10
Event: 163.945 Thread 0x000002bab2d2af90 flushing  nmethod 0x000002bab6fe5b90
Event: 163.945 Thread 0x000002bab2d2af90 flushing  nmethod 0x000002bab6ff4290
Event: 163.945 Thread 0x000002bab2d2af90 flushing  nmethod 0x000002bab6ff6290
Event: 163.945 Thread 0x000002bab2d2af90 flushing  nmethod 0x000002bab7017a90
Event: 163.945 Thread 0x000002bab2d2af90 flushing  nmethod 0x000002bab705b990
Event: 163.945 Thread 0x000002bab2d2af90 flushing  nmethod 0x000002bab7065f90
Event: 163.945 Thread 0x000002bab2d2af90 flushing  nmethod 0x000002bab710f190
Event: 163.945 Thread 0x000002bab2d2af90 flushing  nmethod 0x000002bab7110710
Event: 163.945 Thread 0x000002bab2d2af90 flushing  nmethod 0x000002bab7161110
Event: 163.945 Thread 0x000002bab2d2af90 flushing  nmethod 0x000002bab7164f90
Event: 163.945 Thread 0x000002bab2d2af90 flushing  nmethod 0x000002bab716b310
Event: 163.945 Thread 0x000002bab2d2af90 flushing  nmethod 0x000002bab716cb10
Event: 163.945 Thread 0x000002bab2d2af90 flushing  nmethod 0x000002bab717af10
Event: 163.945 Thread 0x000002bab2d2af90 flushing  nmethod 0x000002bab717b290
Event: 163.945 Thread 0x000002bab2d2af90 flushing  nmethod 0x000002bab7195f90
Event: 163.945 Thread 0x000002bab2d2af90 flushing  nmethod 0x000002bab7224d10

Events (20 events):
Event: 164.108 Thread 0x000002bb14056ab0 Thread added: 0x000002bb16b7a420
Event: 164.504 Thread 0x000002bb140577d0 Thread added: 0x000002bb16b7be60
Event: 164.524 Thread 0x000002bb16b7be60 Thread exited: 0x000002bb16b7be60
Event: 164.586 Thread 0x000002bb140577d0 Thread added: 0x000002bb16b80690
Event: 164.604 Thread 0x000002bb16b80690 Thread added: 0x000002bb16b7d210
Event: 164.619 Thread 0x000002bb16b80690 Thread exited: 0x000002bb16b80690
Event: 164.619 Thread 0x000002bb16b7d210 Thread exited: 0x000002bb16b7d210
Event: 164.652 Thread 0x000002bb0f14e570 Thread added: 0x000002bb2272f000
Event: 164.764 Thread 0x000002bb140577d0 Thread added: 0x000002bb16b79700
Event: 164.769 Thread 0x000002bb16b79700 Thread added: 0x000002bb16b7b7d0
Event: 164.788 Thread 0x000002bb16b79700 Thread exited: 0x000002bb16b79700
Event: 164.788 Thread 0x000002bb16b7b7d0 Thread exited: 0x000002bb16b7b7d0
Event: 164.881 Thread 0x000002bb2272f000 Thread exited: 0x000002bb2272f000
Event: 224.541 Thread 0x000002bb16b7e5c0 Thread exited: 0x000002bb16b7e5c0
Event: 225.122 Thread 0x000002bb16b7a420 Thread exited: 0x000002bb16b7a420
Event: 225.135 Thread 0x000002bb14056ab0 Thread exited: 0x000002bb14056ab0
Event: 284.549 Thread 0x000002bb16b7ec50 Thread exited: 0x000002bb16b7ec50
Event: 344.590 Thread 0x000002bb16b7f970 Thread exited: 0x000002bb16b7f970
Event: 397.095 Thread 0x000002bb16b79d90 Thread exited: 0x000002bb16b79d90
Event: 697.362 Thread 0x000002bb16b7b140 Thread exited: 0x000002bb16b7b140


Dynamic libraries:
0x00007ff6e8f30000 - 0x00007ff6e8f3e000 	c:\Users\Dell\.vscode\extensions\redhat.java-1.56.0-win32-x64\jre\21.0.12.1-win32-x86_64\bin\java.exe
0x00007ff973ad0000 - 0x00007ff973cc8000 	C:\Windows\SYSTEM32\ntdll.dll
0x00007ff972520000 - 0x00007ff9725e2000 	C:\Windows\System32\KERNEL32.DLL
0x00007ff971160000 - 0x00007ff971457000 	C:\Windows\System32\KERNELBASE.dll
0x00007ff96e460000 - 0x00007ff96e4f4000 	C:\Windows\SYSTEM32\apphelp.dll
0x00007ff971500000 - 0x00007ff971600000 	C:\Windows\System32\ucrtbase.dll
0x00007ff966740000 - 0x00007ff966758000 	c:\Users\Dell\.vscode\extensions\redhat.java-1.56.0-win32-x64\jre\21.0.12.1-win32-x86_64\bin\jli.dll
0x00007ff972300000 - 0x00007ff97249d000 	C:\Windows\System32\USER32.dll
0x00007ff966760000 - 0x00007ff96677e000 	c:\Users\Dell\.vscode\extensions\redhat.java-1.56.0-win32-x64\jre\21.0.12.1-win32-x86_64\bin\VCRUNTIME140.dll
0x00007ff971a40000 - 0x00007ff971a62000 	C:\Windows\System32\win32u.dll
0x00007ff9727b0000 - 0x00007ff9727db000 	C:\Windows\System32\GDI32.dll
0x00007ff963100000 - 0x00007ff96339a000 	C:\Windows\WinSxS\amd64_microsoft.windows.common-controls_6595b64144ccf1df_6.0.19041.5915_none_60b4b9d171f9c7c7\COMCTL32.dll
0x00007ff971710000 - 0x00007ff971829000 	C:\Windows\System32\gdi32full.dll
0x00007ff971460000 - 0x00007ff9714fd000 	C:\Windows\System32\msvcp_win.dll
0x00007ff972d90000 - 0x00007ff972e2e000 	C:\Windows\System32\msvcrt.dll
0x00007ff971af0000 - 0x00007ff971b1f000 	C:\Windows\System32\IMM32.DLL
0x00007ff966a20000 - 0x00007ff966a2c000 	c:\Users\Dell\.vscode\extensions\redhat.java-1.56.0-win32-x64\jre\21.0.12.1-win32-x86_64\bin\vcruntime140_1.dll
0x00007ff94ad10000 - 0x00007ff94ad9d000 	c:\Users\Dell\.vscode\extensions\redhat.java-1.56.0-win32-x64\jre\21.0.12.1-win32-x86_64\bin\msvcp140.dll
0x00007ff922e80000 - 0x00007ff923c22000 	c:\Users\Dell\.vscode\extensions\redhat.java-1.56.0-win32-x64\jre\21.0.12.1-win32-x86_64\bin\server\jvm.dll
0x00007ff971f20000 - 0x00007ff971fd1000 	C:\Windows\System32\ADVAPI32.dll
0x00007ff972260000 - 0x00007ff9722ff000 	C:\Windows\System32\sechost.dll
0x00007ff971df0000 - 0x00007ff971f16000 	C:\Windows\System32\RPCRT4.dll
0x00007ff9716e0000 - 0x00007ff971707000 	C:\Windows\System32\bcrypt.dll
0x00007ff971fe0000 - 0x00007ff97204b000 	C:\Windows\System32\WS2_32.dll
0x00007ff970f10000 - 0x00007ff970f5b000 	C:\Windows\SYSTEM32\POWRPROF.dll
0x00007ff967700000 - 0x00007ff967727000 	C:\Windows\SYSTEM32\WINMM.dll
0x00007ff967050000 - 0x00007ff96705a000 	C:\Windows\SYSTEM32\VERSION.dll
0x00007ff970ef0000 - 0x00007ff970f02000 	C:\Windows\SYSTEM32\UMPDC.dll
0x00007ff96f000000 - 0x00007ff96f012000 	C:\Windows\SYSTEM32\kernel.appcore.dll
0x00007ff966930000 - 0x00007ff96693a000 	c:\Users\Dell\.vscode\extensions\redhat.java-1.56.0-win32-x64\jre\21.0.12.1-win32-x86_64\bin\jimage.dll
0x00007ff967320000 - 0x00007ff967521000 	C:\Windows\SYSTEM32\DBGHELP.DLL
0x00007ff949f10000 - 0x00007ff949f44000 	C:\Windows\SYSTEM32\dbgcore.DLL
0x00007ff971650000 - 0x00007ff9716d2000 	C:\Windows\System32\bcryptPrimitives.dll
0x00007ff961310000 - 0x00007ff96131f000 	c:\Users\Dell\.vscode\extensions\redhat.java-1.56.0-win32-x64\jre\21.0.12.1-win32-x86_64\bin\instrument.dll
0x00007ff9602d0000 - 0x00007ff9602f0000 	c:\Users\Dell\.vscode\extensions\redhat.java-1.56.0-win32-x64\jre\21.0.12.1-win32-x86_64\bin\java.dll
0x00007ff972ee0000 - 0x00007ff97364e000 	C:\Windows\System32\SHELL32.dll
0x00007ff96f200000 - 0x00007ff96f9a4000 	C:\Windows\SYSTEM32\windows.storage.dll
0x00007ff973730000 - 0x00007ff973a83000 	C:\Windows\System32\combase.dll
0x00007ff970b20000 - 0x00007ff970b4b000 	C:\Windows\SYSTEM32\Wldp.dll
0x00007ff9725f0000 - 0x00007ff9726bd000 	C:\Windows\System32\OLEAUT32.dll
0x00007ff972e30000 - 0x00007ff972edd000 	C:\Windows\System32\SHCORE.dll
0x00007ff972750000 - 0x00007ff9727ab000 	C:\Windows\System32\shlwapi.dll
0x00007ff971090000 - 0x00007ff9710b4000 	C:\Windows\SYSTEM32\profapi.dll
0x00007ff9602b0000 - 0x00007ff9602c8000 	c:\Users\Dell\.vscode\extensions\redhat.java-1.56.0-win32-x64\jre\21.0.12.1-win32-x86_64\bin\zip.dll
0x00007ff960bd0000 - 0x00007ff960be0000 	C:\Users\Dell\.vscode\extensions\redhat.java-1.56.0-win32-x64\jre\21.0.12.1-win32-x86_64\bin\net.dll
0x00007ff968500000 - 0x00007ff96860a000 	C:\Windows\SYSTEM32\WINHTTP.dll
0x00007ff970880000 - 0x00007ff9708ea000 	C:\Windows\system32\mswsock.dll
0x00007ff94e7b0000 - 0x00007ff94e7c6000 	C:\Users\Dell\.vscode\extensions\redhat.java-1.56.0-win32-x64\jre\21.0.12.1-win32-x86_64\bin\nio.dll
0x00007ff95de20000 - 0x00007ff95de30000 	c:\Users\Dell\.vscode\extensions\redhat.java-1.56.0-win32-x64\jre\21.0.12.1-win32-x86_64\bin\verify.dll
0x00007ff94b590000 - 0x00007ff94b5d5000 	C:\Users\Dell\AppData\Roaming\Code\User\globalStorage\redhat.java\1.56.0\config_win\org.eclipse.equinox.launcher\org.eclipse.equinox.launcher.win32.win32.x86_64_1.3.100.v20260804-1928\eclipse_11924.dll
0x00007ff9727e0000 - 0x00007ff97290b000 	C:\Windows\System32\ole32.dll
0x00007ff970a70000 - 0x00007ff970a88000 	C:\Windows\SYSTEM32\CRYPTSP.dll
0x00007ff9701a0000 - 0x00007ff9701d8000 	C:\Windows\system32\rsaenh.dll
0x00007ff971010000 - 0x00007ff97103e000 	C:\Windows\SYSTEM32\USERENV.dll
0x00007ff970a90000 - 0x00007ff970a9c000 	C:\Windows\SYSTEM32\CRYPTBASE.dll
0x00007ff970560000 - 0x00007ff97059b000 	C:\Windows\SYSTEM32\IPHLPAPI.DLL
0x00007ff972d80000 - 0x00007ff972d88000 	C:\Windows\System32\NSI.dll
0x00007ff94ab10000 - 0x00007ff94ab59000 	C:\Temp\jna-2126305\jna8634333141810261107.dll
0x00007ff971b20000 - 0x00007ff971b28000 	C:\Windows\System32\PSAPI.DLL
0x00007ff96b150000 - 0x00007ff96b167000 	C:\Windows\SYSTEM32\dhcpcsvc6.DLL
0x00007ff96b130000 - 0x00007ff96b14d000 	C:\Windows\SYSTEM32\dhcpcsvc.DLL

JVMTI agents:
c:\Users\Dell\.vscode\extensions\redhat.java-1.56.0-win32-x64\lombok\lombok-1.18.39-4050.jar path:c:\Users\Dell\.vscode\extensions\redhat.java-1.56.0-win32-x64\jre\21.0.12.1-win32-x86_64\bin\instrument.dll, loaded, initialized, instrumentlib options:none

dbghelp: loaded successfully - version: 4.0.5 - missing functions: none
symbol engine: initialized successfully - sym options: 0x614 - pdb path: .;c:\Users\Dell\.vscode\extensions\redhat.java-1.56.0-win32-x64\jre\21.0.12.1-win32-x86_64\bin;C:\Windows\SYSTEM32;C:\Windows\WinSxS\amd64_microsoft.windows.common-controls_6595b64144ccf1df_6.0.19041.5915_none_60b4b9d171f9c7c7;c:\Users\Dell\.vscode\extensions\redhat.java-1.56.0-win32-x64\jre\21.0.12.1-win32-x86_64\bin\server;C:\Users\Dell\AppData\Roaming\Code\User\globalStorage\redhat.java\1.56.0\config_win\org.eclipse.equinox.launcher\org.eclipse.equinox.launcher.win32.win32.x86_64_1.3.100.v20260804-1928;C:\Temp\jna-2126305

VM Arguments:
jvm_args: --add-modules=ALL-SYSTEM --add-opens=java.base/java.util=ALL-UNNAMED --add-opens=java.base/java.lang=ALL-UNNAMED --add-opens=java.base/sun.nio.fs=ALL-UNNAMED -Declipse.application=org.eclipse.jdt.ls.core.id1 -Dosgi.bundles.defaultStartLevel=4 -Declipse.product=org.eclipse.jdt.ls.core.product -Djava.import.generatesMetadataFilesAtProjectRoot=false -Dm2e.project.cache.size=50 -DDetectVMInstallationsJob.disabled=true -Dfile.encoding=utf8 -XX:+UseParallelGC -XX:GCTimeRatio=4 -XX:AdaptiveSizePolicyWeight=90 -Dsun.zip.disableMemoryMapping=true -Xmx4G -Xms100m -Xlog:disable -javaagent:c:\Users\Dell\.vscode\extensions\redhat.java-1.56.0-win32-x64\lombok\lombok-1.18.39-4050.jar -XX:+HeapDumpOnOutOfMemoryError -XX:HeapDumpPath=c:\Users\Dell\AppData\Roaming\Code\User\workspaceStorage\05e450d4fd83629cccf28f385289e092\redhat.java -Daether.dependencyCollector.impl=bf 
java_command: c:\Users\Dell\.vscode\extensions\redhat.java-1.56.0-win32-x64\server\plugins\org.eclipse.equinox.launcher_1.8.0.v20260804-1928.jar -configuration c:\Users\Dell\AppData\Roaming\Code\User\globalStorage\redhat.java\1.56.0\config_win -data c:\Users\Dell\AppData\Roaming\Code\User\workspaceStorage\05e450d4fd83629cccf28f385289e092\redhat.java\jdt_ws --stdio
java_class_path (initial): c:\Users\Dell\.vscode\extensions\redhat.java-1.56.0-win32-x64\server\plugins\org.eclipse.equinox.launcher_1.8.0.v20260804-1928.jar
Launcher Type: SUN_STANDARD

[Global flags]
    uintx AdaptiveSizePolicyWeight                 = 90                                        {product} {command line}
     intx CICompilerCount                          = 3                                         {product} {ergonomic}
    uintx GCTimeRatio                              = 4                                         {product} {command line}
     bool HeapDumpOnOutOfMemoryError               = true                                   {manageable} {command line}
    ccstr HeapDumpPath                             = c:\Users\Dell\AppData\Roaming\Code\User\workspaceStorage\05e450d4fd83629cccf28f385289e092\redhat.java         {manageable} {command line}
   size_t InitialHeapSize                          = 104857600                                 {product} {command line}
   size_t MaxHeapSize                              = 4294967296                                {product} {command line}
   size_t MaxNewSize                               = 1431306240                                {product} {ergonomic}
   size_t MinHeapDeltaBytes                        = 524288                                    {product} {ergonomic}
   size_t MinHeapSize                              = 104857600                                 {product} {command line}
   size_t NewSize                                  = 34603008                                  {product} {ergonomic}
    uintx NonNMethodCodeHeapSize                   = 5832780                                {pd product} {ergonomic}
    uintx NonProfiledCodeHeapSize                  = 122912730                              {pd product} {ergonomic}
   size_t OldSize                                  = 70254592                                  {product} {ergonomic}
    uintx ProfiledCodeHeapSize                     = 122912730                              {pd product} {ergonomic}
    uintx ReservedCodeCacheSize                    = 251658240                              {pd product} {ergonomic}
     bool SegmentedCodeCache                       = true                                      {product} {ergonomic}
   size_t SoftMaxHeapSize                          = 4294967296                             {manageable} {ergonomic}
     bool UseCompressedOops                        = true                           {product lp64_product} {ergonomic}
     bool UseLargePagesIndividualAllocation        = false                                  {pd product} {ergonomic}
     bool UseParallelGC                            = true                                      {product} {command line}

Logging:
Log output configuration:
 #0: stdout all=off uptime,level,tags foldmultilines=false
 #1: stderr all=off uptime,level,tags foldmultilines=false

Release file:
JAVA_VERSION="21.0.12.1" 
MODULES="java.base java.compiler java.datatransfer java.xml java.prefs java.desktop java.instrument java.logging java.management java.security.sasl java.naming java.rmi java.management.rmi java.net.http java.scripting java.security.jgss java.transaction.xa java.sql java.sql.rowset java.xml.crypto java.se java.smartcardio jdk.accessibility jdk.internal.jvmstat jdk.attach jdk.charsets jdk.internal.opt jdk.zipfs jdk.compiler jdk.crypto.ec jdk.crypto.cryptoki jdk.crypto.mscapi jdk.dynalink jdk.internal.ed jdk.editpad jdk.hotspot.agent jdk.httpserver jdk.internal.le jdk.internal.vm.ci jdk.internal.vm.compiler jdk.internal.vm.compiler.management jdk.jartool jdk.javadoc jdk.jcmd jdk.management jdk.management.agent jdk.jconsole jdk.jdeps jdk.jdwp.agent jdk.jdi jdk.jfr jdk.jshell jdk.jsobject jdk.jstatd jdk.localedata jdk.management.jfr jdk.naming.dns jdk.naming.rmi jdk.net jdk.nio.mapmode jdk.random jdk.sctp jdk.security.auth jdk.security.jgss jdk.unsupported jdk.unsupported.desktop jdk.xml.dom" 

Environment Variables:
JAVA_HOME=C:\Program Files\Java\jdk-26.0.2.1
PATH=C:\Program Files\Common Files\Oracle\Java\javapath;C:\Program Files\Microsoft MPI\Bin\;C:\Program Files (x86)\Intel\iCLS Client\;C:\Program Files\Intel\iCLS Client\;C:\Windows\system32;C:\Windows;C:\Windows\System32\Wbem;C:\Windows\System32\WindowsPowerShell\v1.0\;C:\Windows\System32\OpenSSH\;C:\Program Files\dotnet\;C:\Program Files (x86)\Intel\Intel(R) Management Engine Components\DAL;C:\Program Files\Intel\Intel(R) Management Engine Components\DAL;C:\Program Files (x86)\Intel\Intel(R) Management Engine Components\IPT;C:\Program Files\Intel\Intel(R) Management Engine Components\IPT;C:\Program Files (x86)\Microsoft SQL Server\170\Tools\Binn\;C:\Program Files\Microsoft SQL Server\170\Tools\Binn\;C:\Program Files\Microsoft SQL Server\Client SDK\ODBC\180\Tools\Binn\;C:\Program Files\Microsoft SQL Server\170\DTS\Binn\;C:\Program Files\Microsoft SQL Server\Client SDK\ODBC\170\Tools\Binn\;C:\Program Files\Git\cmd;C:\Program Files\nodejs\;C:\Users\Dell\AppData\Local\Programs\Python\Launcher\;C:\Users\Dell\AppData\Local\Microsoft\WindowsApps;C:\Users\Dell\AppData\Local\Programs\Microsoft VS Code\bin;C:\Users\Dell\.dotnet\tools;C:\Users\Dell\AppData\Local\Python\bin;C:\MinGW\bin;C:\Users\Dell\AppData\Roaming\npm
USERNAME=Dell
OS=Windows_NT
PROCESSOR_IDENTIFIER=Intel64 Family 6 Model 58 Stepping 9, GenuineIntel
TMP=C:\Temp
TEMP=C:\Temp




Periodic native trim disabled

---------------  S Y S T E M  ---------------

OS:
 Windows 10 , 64 bit Build 19041 (10.0.19041.5915)
OS uptime: 0 days 4:50 hours

CPU: total 4 (initial active 4) (2 cores per cpu, 2 threads per core) family 6 model 58 stepping 9 microcode 0x21, cx8, cmov, fxsr, ht, mmx, sse, sse2, sse3, ssse3, sse4.1, sse4.2, popcnt, tsc, tscinvbit, avx, erms, clmul, vzeroupper, clflush, rdtscp, f16c
Processor Information for the first 4 processors :
  Max Mhz: 3300, Current Mhz: 2500, Mhz Limit: 3300

Memory: 4k page, system-wide physical 8078M (747M free)
TotalPageFile size 32654M (AvailPageFile size 429M)
current process WorkingSet (physical memory assigned to process): 17M, peak: 303M
current process commit charge ("private bytes"): 3079M, peak: 3120M

vm_info: OpenJDK 64-Bit Server VM (21.0.12.1+1-LTS) for windows-amd64 JRE (21.0.12.1+1-LTS), built on 2026-08-18T00:00:00Z by "admin" with MS VC++ 17.12 (VS2022)

END.
